

 main version V1.00



 V1.00

command=./DNA_online_off_gz_yx bwt_aln -n 150 -t 25 /home/user/yexiang/chenjianglan/idx_dir/ /home/user/yexiang/article_data/hg002.bwa.sn_new/hg002.bwa.sn.bam /home/user/yexiang/article_data/hg002.bwa.sn_new/no_vcf /home/user/yexiang/article_data/hg002.bwa.sn_new/no_vcf/final_store_with_name /home/user/yexiang/article_data/hg002.bwa.sn_new/no_vcf/quality_score /home/user/yexiang/article_data/hg002.bwa.sn_new/no_vcf/store_2_zero_lossless 0 /home/user/yexiang/article_data/hg001_bgi/GRCh38_full_analysis_set_plus_decoy_hla.fa  

		Current parameters:
			read_length=150
			max_use_read=2147483647
			seeding_level=1
			thread=25
			ASS_detail=false
			Exact_Gap_statistic=false
			sample_name=false
			plant lane=false
			company name=false
			readset=false
			help
BEGIN LOADING INDEX
gap file /home/user/yexiang/chenjianglan/idx_dir/wb_index/
END loading wb_info.bin
END loading wb_data.bin
full fn : /home/user/yexiang/chenjianglan/idx_dir/wb_index/chr_bg_wb_ID.bin
refinfo /home/user/yexiang/chenjianglan/idx_dir/wb_index/
ID: chr1, 长度: 248956422, 前100个碱基: NNNNNNNNNNNNNNNNNNNNNNNNNNNNNNNNNNNNNNNNNNNNNNNNNNNNNNNNNNNNNNNNNNNNNNNNNNNNNNNNNNNNNNNNNNNNNNNNNNNN
ID: chr2, 长度: 242193529, 前100个碱基: NNNNNNNNNNNNNNNNNNNNNNNNNNNNNNNNNNNNNNNNNNNNNNNNNNNNNNNNNNNNNNNNNNNNNNNNNNNNNNNNNNNNNNNNNNNNNNNNNNNN
ID: chr3, 长度: 198295559, 前100个碱基: NNNNNNNNNNNNNNNNNNNNNNNNNNNNNNNNNNNNNNNNNNNNNNNNNNNNNNNNNNNNNNNNNNNNNNNNNNNNNNNNNNNNNNNNNNNNNNNNNNNN
ID: chr4, 长度: 190214555, 前100个碱基: NNNNNNNNNNNNNNNNNNNNNNNNNNNNNNNNNNNNNNNNNNNNNNNNNNNNNNNNNNNNNNNNNNNNNNNNNNNNNNNNNNNNNNNNNNNNNNNNNNNN
ID: chr5, 长度: 181538259, 前100个碱基: NNNNNNNNNNNNNNNNNNNNNNNNNNNNNNNNNNNNNNNNNNNNNNNNNNNNNNNNNNNNNNNNNNNNNNNNNNNNNNNNNNNNNNNNNNNNNNNNNNNN
ID: chr6, 长度: 170805979, 前100个碱基: NNNNNNNNNNNNNNNNNNNNNNNNNNNNNNNNNNNNNNNNNNNNNNNNNNNNNNNNNNNNNNNNNNNNNNNNNNNNNNNNNNNNNNNNNNNNNNNNNNNN
ID: chr7, 长度: 159345973, 前100个碱基: NNNNNNNNNNNNNNNNNNNNNNNNNNNNNNNNNNNNNNNNNNNNNNNNNNNNNNNNNNNNNNNNNNNNNNNNNNNNNNNNNNNNNNNNNNNNNNNNNNNN
ID: chr8, 长度: 145138636, 前100个碱基: NNNNNNNNNNNNNNNNNNNNNNNNNNNNNNNNNNNNNNNNNNNNNNNNNNNNNNNNNNNNNNNNNNNNNNNNNNNNNNNNNNNNNNNNNNNNNNNNNNNN
ID: chr9, 长度: 138394717, 前100个碱基: NNNNNNNNNNNNNNNNNNNNNNNNNNNNNNNNNNNNNNNNNNNNNNNNNNNNNNNNNNNNNNNNNNNNNNNNNNNNNNNNNNNNNNNNNNNNNNNNNNNN
ID: chr10, 长度: 133797422, 前100个碱基: NNNNNNNNNNNNNNNNNNNNNNNNNNNNNNNNNNNNNNNNNNNNNNNNNNNNNNNNNNNNNNNNNNNNNNNNNNNNNNNNNNNNNNNNNNNNNNNNNNNN
ID: chr11, 长度: 135086622, 前100个碱基: NNNNNNNNNNNNNNNNNNNNNNNNNNNNNNNNNNNNNNNNNNNNNNNNNNNNNNNNNNNNNNNNNNNNNNNNNNNNNNNNNNNNNNNNNNNNNNNNNNNN
ID: chr12, 长度: 133275309, 前100个碱基: NNNNNNNNNNNNNNNNNNNNNNNNNNNNNNNNNNNNNNNNNNNNNNNNNNNNNNNNNNNNNNNNNNNNNNNNNNNNNNNNNNNNNNNNNNNNNNNNNNNN
ID: chr13, 长度: 114364328, 前100个碱基: NNNNNNNNNNNNNNNNNNNNNNNNNNNNNNNNNNNNNNNNNNNNNNNNNNNNNNNNNNNNNNNNNNNNNNNNNNNNNNNNNNNNNNNNNNNNNNNNNNNN
ID: chr14, 长度: 107043718, 前100个碱基: NNNNNNNNNNNNNNNNNNNNNNNNNNNNNNNNNNNNNNNNNNNNNNNNNNNNNNNNNNNNNNNNNNNNNNNNNNNNNNNNNNNNNNNNNNNNNNNNNNNN
ID: chr15, 长度: 101991189, 前100个碱基: NNNNNNNNNNNNNNNNNNNNNNNNNNNNNNNNNNNNNNNNNNNNNNNNNNNNNNNNNNNNNNNNNNNNNNNNNNNNNNNNNNNNNNNNNNNNNNNNNNNN
ID: chr16, 长度: 90338345, 前100个碱基: NNNNNNNNNNNNNNNNNNNNNNNNNNNNNNNNNNNNNNNNNNNNNNNNNNNNNNNNNNNNNNNNNNNNNNNNNNNNNNNNNNNNNNNNNNNNNNNNNNNN
ID: chr17, 长度: 83257441, 前100个碱基: NNNNNNNNNNNNNNNNNNNNNNNNNNNNNNNNNNNNNNNNNNNNNNNNNNNNNNNNNNNNNNNNNNNNNNNNNNNNNNNNNNNNNNNNNNNNNNNNNNNN
ID: chr18, 长度: 80373285, 前100个碱基: NNNNNNNNNNNNNNNNNNNNNNNNNNNNNNNNNNNNNNNNNNNNNNNNNNNNNNNNNNNNNNNNNNNNNNNNNNNNNNNNNNNNNNNNNNNNNNNNNNNN
ID: chr19, 长度: 58617616, 前100个碱基: NNNNNNNNNNNNNNNNNNNNNNNNNNNNNNNNNNNNNNNNNNNNNNNNNNNNNNNNNNNNNNNNNNNNNNNNNNNNNNNNNNNNNNNNNNNNNNNNNNNN
ID: chr20, 长度: 64444167, 前100个碱基: NNNNNNNNNNNNNNNNNNNNNNNNNNNNNNNNNNNNNNNNNNNNNNNNNNNNNNNNNNNNNNNNNNNNNNNNNNNNNNNNNNNNNNNNNNNNNNNNNNNN
ID: chr21, 长度: 46709983, 前100个碱基: NNNNNNNNNNNNNNNNNNNNNNNNNNNNNNNNNNNNNNNNNNNNNNNNNNNNNNNNNNNNNNNNNNNNNNNNNNNNNNNNNNNNNNNNNNNNNNNNNNNN
